V3 4
FL D:/Work/Xilinx_Project/WiMAX/top.vhd 2011/01/12.22:57:29 M.63c
EN work/top 1294862290 FL D:/Work/Xilinx_Project/WiMAX/top.vhd \
      PB ieee/std_logic_1164 1277201847 PB ieee/std_logic_arith 1277201848 \
      PB ieee/STD_LOGIC_UNSIGNED 1277201849
AR work/top/Behavioral 1294862291 \
      FL D:/Work/Xilinx_Project/WiMAX/top.vhd EN work/top 1294862290 CP ifft
